21  backup ur Assignments and projects
$ git clone https://github.com/Hemanthkumar-V/Project.git
Cloning into 'Project'...
remote: Enumerating objects: 14, done.
remote: Counting objects: 100% (14/14), done.
remote: Compressing objects: 100% (8/8), done.
remote: Total 14 (delta 1), reused 14 (delta 1), pack-reused 0
Receiving objects: 100% (14/14), done.
Resolving deltas: 100% (1/1), done.

22 Create empty directory Assignments
$ mkdir assignments
cd assgnments

23  create READme.txt file write something

$ vi READme.txt
ls
$
$ git status
On branch master
Changes not staged for commit:
  (use "git add <file>..." to update what will be committed)
  (use "git restore <file>..." to discard changes in working directory)
        modified:   ../index.html

Untracked files:
  (use "git add <file>..." to include in what will be committed)
        ./

no changes added to commit (use "git add" and/or "git commit -a")


24 commit READme.txt
$ git commit
[master eadf074] my first commit in assigment readme.txt
 1 file changed, 2 insertions(+)
 create mode 100644 assignments/READme.txt

25 create new branch html-assignments
$ git branch html-assignments

26 switch to html-assignments
$ git checkout html-assignments
Switched to branch 'html-assignments'
M       index.html


27 copy HTML assignments into html-assignment folder
$ ls
READme.txt  index.html


28 commiting HTML assignments into html-assignments
$ git commit -m "html-assignment branch commit"
[html-assignments 4c664cb] html-assignment branch commit
 1 file changed, 2 insertions(+)
 create mode 100644 assignments/index.html
 
 29 make minor changes in the html-assignment branch
 $ vi index.html

admin@DESKTOP-MDUABLG MINGW64 /e/Project/assignments (html-assignments)
$ vi READme.txt

admin@DESKTOP-MDUABLG MINGW64 /e/Project/assignments (html-assignments)
$ git status
On branch html-assignments
Changes not staged for commit:
  (use "git add <file>..." to update what will be committed)
  (use "git restore <file>..." to discard changes in working directory)
        modified:   READme.txt
        modified:   index.html
        modified:   ../index.html
	

30 commit those changes those chnages
 
$ git commit -m "changes made in html-assignment branch"
[html-assignments be8c85c] changes made in html-assignment branch
 2 files changed, 3 insertions(+), 1 deletion(-)

31 switch to master branch
$ git checkout master
Switched to branch 'master'
M       index.html

32 make minor changes and commit them
$ vi READme.txt

admin@DESKTOP-MDUABLG MINGW64 /e/Project/assignments (master)
$ git add READme.text
fatal: pathspec 'READme.text' did not match any files

admin@DESKTOP-MDUABLG MINGW64 /e/Project/assignments (master)
$ git add READme.txt

admin@DESKTOP-MDUABLG MINGW64 /e/Project/assignments (master)
$ git commit -m "made changes in the master branch"
[master e45de11] made changes in the master branch
 1 file changed, 1 insertion(+), 1 deletion(-)

33 Again swich to html-assingment branch
$ git checkout html-assignments
Switched to branch 'html-assignments'
M       index.html

34 change minor changes in the files in the of html-assignment branch
$ vi index.html

admin@DESKTOP-MDUABLG MINGW64 /e/Project/assignments (html-assignments)
$ vi READme.txt

admin@DESKTOP-MDUABLG MINGW64 /e/Project/assignments (html-assignments)
$ git status
On branch html-assignments
Changes not staged for commit:
  (use "git add <file>..." to update what will be committed)
  (use "git restore <file>..." to discard changes in working directory)
        modified:   READme.txt
        modified:   index.html
        modified:   ../index.html

35 commit those changes
 $ git add .

admin@DESKTOP-MDUABLG MINGW64 /e/Project/assignments (html-assignments)
$ git commit -m "my second commit in html-assignment branch"
[html-assignments 4671ed2] my second commit in html-assignment branch
 2 files changed, 3 insertions(+), 2 deletions(-)
 
 36 switch to master
 
$ git checkout master
Switched to branch 'master'
M       index.html
37 merge html-assignment with master branch
  $ git merge html-assignments
Auto-merging assignments/READme.txt
CONFLICT (content): Merge conflict in assignments/READme.txt
Automatic merge failed; fix conflicts and then commit the result.

38 delete html-assignment branch
$ git branch -d html-assignments
Deleted branch html-assignments (was 4671ed2).



